
> frontend@0.0.0 build
> tsc -b && vite build

src/components/navigation/NavBadge.tsx(15,5): error TS6133: 'isPriority' is declared but its value is never read.
src/components/projects/FileExplorer.tsx(79,5): error TS6133: 'setIsUploadModalOpen' is declared but its value is never read.
src/components/projects/FileExplorer.tsx(82,5): error TS6133: 'toggleFileType' is declared but its value is never read.
src/components/settings/MasterDataTab.tsx(140,22): error TS6133: 'item' is declared but its value is never read.
src/layouts/PortalLayout.tsx(2,27): error TS6133: 'useNavigate' is declared but its value is never read.
src/layouts/PortalLayout.tsx(3,10): error TS6133: 'Button' is declared but its value is never read.
src/layouts/PortalLayout.tsx(6,3): error TS6133: 'CloseOutlined' is declared but its value is never read.
src/pages/auth/Onboarding.tsx(9,5): error TS6133: 'Banknote' is declared but its value is never read.
src/pages/auth/Onboarding.tsx(9,15): error TS6133: 'Receipt' is declared but its value is never read.
src/pages/auth/Onboarding.tsx(9,24): error TS6133: 'Code2' is declared but its value is never read.
src/pages/Dashboard.tsx(77,11): error TS6133: 'kpiSummary' is declared but its value is never read.
src/pages/Invoices.tsx(293,11): error TS6133: 'activeInvoicesCount' is declared but its value is never read.
src/pages/NewProject.tsx(117,68): error TS2739: Type '{ id: string; description: string; unit: string; amount: string; quantity: string; partnerRate: string; partnerMode: string; partnerTotal: string; customerRate: string; customerTotal: string; customerMode: string; marginType: string; marginPercent: string; }' is missing the following properties from type 'ProjectPosition': taxRate, discountPercent
src/pages/portal/PortalNewRequest.tsx(3,49): error TS6133: 'Alert' is declared but its value is never read.
src/pages/portal/PortalProfile.tsx(9,1): error TS6133: 'PortalCustomer' is declared but its value is never read.
src/pages/portal/PortalProfile.tsx(40,74): error TS2345: Argument of type 'ProfileFormValues' is not assignable to parameter of type 'Record<string, unknown>'.
  Index signature for type 'string' is missing in type 'ProfileFormValues'.
src/pages/portal/PortalProjectDetail.tsx(1,17): error TS6133: 'useState' is declared but its value is never read.
src/pages/portal/PortalProjectDetail.tsx(3,56): error TS6133: 'Tooltip' is declared but its value is never read.
src/pages/Reports.tsx(71,52): error TS2559: Type '{ startDate: string | undefined; endDate: string | undefined; }' has no properties in common with type '{ customer_id?: string | number | undefined; }'.
src/pages/Settings.tsx(18,26): error TS6133: 'setSearchParams' is declared but its value is never read.
